expeb32`ShellCode(Package*) at main.cpp:210:
expeb32[0x1ec0]:  55                             pushl  %ebp
expeb32[0x1ec1]:  89 e5                          movl   %esp, %ebp
expeb32[0x1ec3]:  56                             pushl  %esi
expeb32[0x1ec4]:  83 ec 14                       subl   $0x14, %esp
expeb32[0x1ec7]:  8b 75 08                       movl   0x8(%ebp), %esi
expeb32[0x1eca]:  c7 86 08 0a 00 00 00 00 00 00  movl   $0x0, 0xa08(%esi)
expeb32[0x1ed4]:  89 34 24                       movl   %esi, (%esp)
expeb32[0x1ed7]:  e8 b4 fe ff ff                 calll  0x1d90                    ; GetImageBase(Package*) at main.cpp:163
expeb32[0x1edc]:  8b 86 0c 0a 00 00              movl   0xa0c(%esi), %eax
expeb32[0x1ee2]:  89 74 24 04                    movl   %esi, 0x4(%esp)
expeb32[0x1ee6]:  89 04 24                       movl   %eax, (%esp)
expeb32[0x1ee9]:  e8 c2 fb ff ff                 calll  0x1ab0                    ; GetProcAddress(void*, Package*) at main.cpp:105
expeb32[0x1eee]:  8b 86 10 0a 00 00              movl   0xa10(%esi), %eax
expeb32[0x1ef4]:  89 74 24 04                    movl   %esi, 0x4(%esp)
expeb32[0x1ef8]:  89 04 24                       movl   %eax, (%esp)
expeb32[0x1efb]:  e8 b0 fb ff ff                 calll  0x1ab0                    ; GetProcAddress(void*, Package*) at main.cpp:105
expeb32[0x1f00]:  b8 2a 00 00 00                 movl   $0x2a, %eax
expeb32[0x1f05]:  83 c4 14                       addl   $0x14, %esp
expeb32[0x1f08]:  5e                             popl   %esi
expeb32[0x1f09]:  5d                             popl   %ebp
expeb32[0x1f0a]:  c3                             retl   

expeb32`GetImageBase(Package*) at main.cpp:163:
expeb32[0x1d90]:  55                                pushl  %ebp
expeb32[0x1d91]:  89 e5                             movl   %esp, %ebp
expeb32[0x1d93]:  53                                pushl  %ebx
expeb32[0x1d94]:  57                                pushl  %edi
expeb32[0x1d95]:  56                                pushl  %esi
expeb32[0x1d96]:  8b 45 08                          movl   0x8(%ebp), %eax
expeb32[0x1d99]:  8b 88 08 0a 00 00                 movl   0xa08(%eax), %ecx
expeb32[0x1d9f]:  8b 49 0c                          movl   0xc(%ecx), %ecx
expeb32[0x1da2]:  8b 51 14                          movl   0x14(%ecx), %edx
expeb32[0x1da5]:  83 c1 14                          addl   $0x14, %ecx
expeb32[0x1da8]:  39 ca                             cmpl   %ecx, %edx
expeb32[0x1daa]:  0f 84 fa 00 00 00                 je     0x1eaa                    ; GetImageBase(Package*) + 282 at main.cpp:185
expeb32[0x1db0]:  8b b0 0c 0a 00 00                 movl   0xa0c(%eax), %esi
expeb32[0x1db6]:  66 2e 0f 1f 84 00 00 00 00 00     nopw   %cs:(%eax,%eax)
expeb32[0x1dc0]:  8b 7a 28                          movl   0x28(%edx), %edi
expeb32[0x1dc3]:  8b 1f                             movl   (%edi), %ebx
expeb32[0x1dc5]:  85 f6                             testl  %esi, %esi
expeb32[0x1dc7]:  75 27                             jne    0x1df0                    ; GetImageBase(Package*) + 96 at main.cpp:169
expeb32[0x1dc9]:  81 fb 6e 00 74 00                 cmpl   $0x74006e, %ebx
expeb32[0x1dcf]:  75 1f                             jne    0x1df0                    ; GetImageBase(Package*) + 96 at main.cpp:169
expeb32[0x1dd1]:  bb 6e 00 74 00                    movl   $0x74006e, %ebx
expeb32[0x1dd6]:  81 7f 04 64 00 6c 00              cmpl   $0x6c0064, 0x4(%edi)
expeb32[0x1ddd]:  75 41                             jne    0x1e20                    ; GetImageBase(Package*) + 144 at main.cpp:174
expeb32[0x1ddf]:  81 7f 08 6c 00 2e 00              cmpl   $0x2e006c, 0x8(%edi)
expeb32[0x1de6]:  74 27                             je     0x1e0f                    ; GetImageBase(Package*) + 127 at main.cpp:172
expeb32[0x1de8]:  eb 36                             jmp    0x1e20                    ; GetImageBase(Package*) + 144 at main.cpp:174
expeb32[0x1dea]:  66 0f 1f 44 00 00                 nopw   (%eax,%eax)
expeb32[0x1df0]:  81 fb 4e 00 54 00                 cmpl   $0x54004e, %ebx
expeb32[0x1df6]:  75 28                             jne    0x1e20                    ; GetImageBase(Package*) + 144 at main.cpp:174
expeb32[0x1df8]:  bb 4e 00 54 00                    movl   $0x54004e, %ebx
expeb32[0x1dfd]:  81 7f 04 44 00 4c 00              cmpl   $0x4c0044, 0x4(%edi)
expeb32[0x1e04]:  75 1a                             jne    0x1e20                    ; GetImageBase(Package*) + 144 at main.cpp:174
expeb32[0x1e06]:  81 7f 08 4c 00 2e 00              cmpl   $0x2e004c, 0x8(%edi)
expeb32[0x1e0d]:  75 11                             jne    0x1e20                    ; GetImageBase(Package*) + 144 at main.cpp:174
expeb32[0x1e0f]:  8b 72 10                          movl   0x10(%edx), %esi
expeb32[0x1e12]:  89 b0 0c 0a 00 00                 movl   %esi, 0xa0c(%eax)
expeb32[0x1e18]:  e9 83 00 00 00                    jmp    0x1ea0                    ; GetImageBase(Package*) + 272 at main.cpp:165
expeb32[0x1e1d]:  0f 1f 00                          nopl   (%eax)
expeb32[0x1e20]:  83 b8 10 0a 00 00 00              cmpl   $0x0, 0xa10(%eax)
expeb32[0x1e27]:  75 37                             jne    0x1e60                    ; GetImageBase(Package*) + 208 at main.cpp:174
expeb32[0x1e29]:  81 fb 4b 00 45 00                 cmpl   $0x45004b, %ebx
expeb32[0x1e2f]:  75 2f                             jne    0x1e60                    ; GetImageBase(Package*) + 208 at main.cpp:174
expeb32[0x1e31]:  81 7f 04 52 00 4e 00              cmpl   $0x4e0052, 0x4(%edi)
expeb32[0x1e38]:  75 66                             jne    0x1ea0                    ; GetImageBase(Package*) + 272 at main.cpp:165
expeb32[0x1e3a]:  81 7f 08 45 00 4c 00              cmpl   $0x4c0045, 0x8(%edi)
expeb32[0x1e41]:  75 1d                             jne    0x1e60                    ; GetImageBase(Package*) + 208 at main.cpp:174
expeb32[0x1e43]:  81 7f 0c 33 00 32 00              cmpl   $0x320033, 0xc(%edi)
expeb32[0x1e4a]:  75 14                             jne    0x1e60                    ; GetImageBase(Package*) + 208 at main.cpp:174
expeb32[0x1e4c]:  81 7f 10 2e 00 44 00              cmpl   $0x44002e, 0x10(%edi)
expeb32[0x1e53]:  74 37                             je     0x1e8c                    ; GetImageBase(Package*) + 252 at main.cpp:177
expeb32[0x1e55]:  66 66 2e 0f 1f 84 00 00 00 00 00  nopw   %cs:(%eax,%eax)
expeb32[0x1e60]:  81 fb 6b 00 65 00                 cmpl   $0x65006b, %ebx
expeb32[0x1e66]:  75 38                             jne    0x1ea0                    ; GetImageBase(Package*) + 272 at main.cpp:165
expeb32[0x1e68]:  81 7f 04 72 00 6e 00              cmpl   $0x6e0072, 0x4(%edi)
expeb32[0x1e6f]:  75 2f                             jne    0x1ea0                    ; GetImageBase(Package*) + 272 at main.cpp:165
expeb32[0x1e71]:  81 7f 08 65 00 6c 00              cmpl   $0x6c0065, 0x8(%edi)
expeb32[0x1e78]:  75 26                             jne    0x1ea0                    ; GetImageBase(Package*) + 272 at main.cpp:165
expeb32[0x1e7a]:  81 7f 0c 33 00 32 00              cmpl   $0x320033, 0xc(%edi)
expeb32[0x1e81]:  75 1d                             jne    0x1ea0                    ; GetImageBase(Package*) + 272 at main.cpp:165
expeb32[0x1e83]:  81 7f 10 2e 00 64 00              cmpl   $0x64002e, 0x10(%edi)
expeb32[0x1e8a]:  75 14                             jne    0x1ea0                    ; GetImageBase(Package*) + 272 at main.cpp:165
expeb32[0x1e8c]:  8b 7a 10                          movl   0x10(%edx), %edi
expeb32[0x1e8f]:  89 b8 10 0a 00 00                 movl   %edi, 0xa10(%eax)
expeb32[0x1e95]:  66 66 2e 0f 1f 84 00 00 00 00 00  nopw   %cs:(%eax,%eax)
expeb32[0x1ea0]:  8b 12                             movl   (%edx), %edx
expeb32[0x1ea2]:  39 ca                             cmpl   %ecx, %edx
expeb32[0x1ea4]:  0f 85 16 ff ff ff                 jne    0x1dc0                    ; GetImageBase(Package*) + 48 at main.cpp:168
expeb32[0x1eaa]:  5e                                popl   %esi
expeb32[0x1eab]:  5f                                popl   %edi
expeb32[0x1eac]:  5b                                popl   %ebx
expeb32[0x1ead]:  5d                                popl   %ebp
expeb32[0x1eae]:  c3                                retl   

expeb32`GetProcAddress(void*, Package*) at main.cpp:105:
expeb32[0x1ab0]:  55                                   pushl  %ebp
expeb32[0x1ab1]:  89 e5                                movl   %esp, %ebp
expeb32[0x1ab3]:  53                                   pushl  %ebx
expeb32[0x1ab4]:  57                                   pushl  %edi
expeb32[0x1ab5]:  56                                   pushl  %esi
expeb32[0x1ab6]:  83 ec 14                             subl   $0x14, %esp
expeb32[0x1ab9]:  8b 45 08                             movl   0x8(%ebp), %eax
expeb32[0x1abc]:  0f b7 08                             movzwl (%eax), %ecx
expeb32[0x1abf]:  81 f9 4d 5a 00 00                    cmpl   $0x5a4d, %ecx
expeb32[0x1ac5]:  0f 85 b6 02 00 00                    jne    0x1d81                    ; GetProcAddress(void*, Package*) + 721 at main.cpp:161
expeb32[0x1acb]:  8b 48 3c                             movl   0x3c(%eax), %ecx
expeb32[0x1ace]:  81 3c 08 50 45 00 00                 cmpl   $0x4550, (%eax,%ecx)
expeb32[0x1ad5]:  0f 85 a6 02 00 00                    jne    0x1d81                    ; GetProcAddress(void*, Package*) + 721 at main.cpp:161
expeb32[0x1adb]:  0f b7 54 01 04                       movzwl 0x4(%ecx,%eax), %edx
expeb32[0x1ae0]:  81 fa 64 86 00 00                    cmpl   $0x8664, %edx
expeb32[0x1ae6]:  74 0f                                je     0x1af7                    ; GetProcAddress(void*, Package*) + 71 at main.cpp:120
expeb32[0x1ae8]:  0f b7 f2                             movzwl %dx, %esi
expeb32[0x1aeb]:  81 fe 4c 01 00 00                    cmpl   $0x14c, %esi
expeb32[0x1af1]:  0f 85 8a 02 00 00                    jne    0x1d81                    ; GetProcAddress(void*, Package*) + 721 at main.cpp:161
expeb32[0x1af7]:  0f b7 d2                             movzwl %dx, %edx
expeb32[0x1afa]:  81 fa 4c 01 00 00                    cmpl   $0x14c, %edx
expeb32[0x1b00]:  ba 60 00 00 00                       movl   $0x60, %edx
expeb32[0x1b05]:  be 70 00 00 00                       movl   $0x70, %esi
expeb32[0x1b0a]:  0f 44 f2                             cmovel %edx, %esi
expeb32[0x1b0d]:  01 f1                                addl   %esi, %ecx
expeb32[0x1b0f]:  8b 4c 08 18                          movl   0x18(%eax,%ecx), %ecx
expeb32[0x1b13]:  8b 54 01 18                          movl   0x18(%ecx,%eax), %edx
expeb32[0x1b17]:  89 55 ec                             movl   %edx, -0x14(%ebp)
expeb32[0x1b1a]:  89 c6                                movl   %eax, %esi
expeb32[0x1b1c]:  85 d2                                testl  %edx, %edx
expeb32[0x1b1e]:  0f 84 5d 02 00 00                    je     0x1d81                    ; GetProcAddress(void*, Package*) + 721 at main.cpp:161
expeb32[0x1b24]:  8b 45 0c                             movl   0xc(%ebp), %eax
expeb32[0x1b27]:  8b 54 31 1c                          movl   0x1c(%ecx,%esi), %edx
expeb32[0x1b2b]:  8b 98 14 0a 00 00                    movl   0xa14(%eax), %ebx
expeb32[0x1b31]:  8b 7c 31 20                          movl   0x20(%ecx,%esi), %edi
expeb32[0x1b35]:  01 f2                                addl   %esi, %edx
expeb32[0x1b37]:  89 55 e8                             movl   %edx, -0x18(%ebp)
expeb32[0x1b3a]:  31 d2                                xorl   %edx, %edx
expeb32[0x1b3c]:  01 f7                                addl   %esi, %edi
expeb32[0x1b3e]:  89 7d e4                             movl   %edi, -0x1c(%ebp)
expeb32[0x1b41]:  8b 44 31 24                          movl   0x24(%ecx,%esi), %eax
expeb32[0x1b45]:  01 f0                                addl   %esi, %eax
expeb32[0x1b47]:  89 45 e0                             movl   %eax, -0x20(%ebp)
expeb32[0x1b4a]:  89 f7                                movl   %esi, %edi
expeb32[0x1b4c]:  0f 1f 40 00                          nopl   (%eax)
expeb32[0x1b50]:  89 55 f0                             movl   %edx, -0x10(%ebp)
expeb32[0x1b53]:  8b 4d e4                             movl   -0x1c(%ebp), %ecx
expeb32[0x1b56]:  8b 0c 91                             movl   (%ecx,%edx,4), %ecx
expeb32[0x1b59]:  8b 45 e0                             movl   -0x20(%ebp), %eax
expeb32[0x1b5c]:  0f b7 34 50                          movzwl (%eax,%edx,2), %esi
expeb32[0x1b60]:  8b 55 e8                             movl   -0x18(%ebp), %edx
expeb32[0x1b63]:  8b 04 b2                             movl   (%edx,%esi,4), %eax
expeb32[0x1b66]:  01 f8                                addl   %edi, %eax
expeb32[0x1b68]:  85 db                                testl  %ebx, %ebx
expeb32[0x1b6a]:  75 34                                jne    0x1ba0                    ; GetProcAddress(void*, Package*) + 240 at main.cpp:130
expeb32[0x1b6c]:  81 3c 0f 4c 6f 61 64                 cmpl   $0x64616f4c, (%edi,%ecx)
expeb32[0x1b73]:  75 2b                                jne    0x1ba0                    ; GetProcAddress(void*, Package*) + 240 at main.cpp:130
expeb32[0x1b75]:  81 7c 39 04 4c 69 62 72              cmpl   $0x7262694c, 0x4(%ecx,%edi)
expeb32[0x1b7d]:  75 21                                jne    0x1ba0                    ; GetProcAddress(void*, Package*) + 240 at main.cpp:130
expeb32[0x1b7f]:  81 7c 39 08 61 72 79 57              cmpl   $0x57797261, 0x8(%ecx,%edi)
expeb32[0x1b87]:  75 17                                jne    0x1ba0                    ; GetProcAddress(void*, Package*) + 240 at main.cpp:130
expeb32[0x1b89]:  80 7c 39 0c 00                       cmpb   $0x0, 0xc(%ecx,%edi)
expeb32[0x1b8e]:  0f 84 c0 01 00 00                    je     0x1d54                    ; GetProcAddress(void*, Package*) + 676 at main.cpp:149
expeb32[0x1b94]:  66 66 66 2e 0f 1f 84 00 00 00 00 00  nopw   %cs:(%eax,%eax)
expeb32[0x1ba0]:  8b 55 0c                             movl   0xc(%ebp), %edx
expeb32[0x1ba3]:  83 ba 18 0a 00 00 00                 cmpl   $0x0, 0xa18(%edx)
expeb32[0x1baa]:  75 34                                jne    0x1be0                    ; GetProcAddress(void*, Package*) + 304 at main.cpp:134
expeb32[0x1bac]:  81 3c 0f 46 72 65 65                 cmpl   $0x65657246, (%edi,%ecx)
expeb32[0x1bb3]:  75 2b                                jne    0x1be0                    ; GetProcAddress(void*, Package*) + 304 at main.cpp:134
expeb32[0x1bb5]:  81 7c 39 04 4c 69 62 72              cmpl   $0x7262694c, 0x4(%ecx,%edi)
expeb32[0x1bbd]:  75 21                                jne    0x1be0                    ; GetProcAddress(void*, Package*) + 304 at main.cpp:134
expeb32[0x1bbf]:  81 7c 39 08 61 72 79 00              cmpl   $0x797261, 0x8(%ecx,%edi)
expeb32[0x1bc7]:  75 17                                jne    0x1be0                    ; GetProcAddress(void*, Package*) + 304 at main.cpp:134
expeb32[0x1bc9]:  8b 4d 0c                             movl   0xc(%ebp), %ecx
expeb32[0x1bcc]:  89 81 18 0a 00 00                    movl   %eax, 0xa18(%ecx)
expeb32[0x1bd2]:  e9 99 01 00 00                       jmp    0x1d70                    ; GetProcAddress(void*, Package*) + 704 at main.cpp:140
expeb32[0x1bd7]:  66 0f 1f 84 00 00 00 00 00           nopw   (%eax,%eax)
expeb32[0x1be0]:  8b 55 0c                             movl   0xc(%ebp), %edx
expeb32[0x1be3]:  83 ba 1c 0a 00 00 00                 cmpl   $0x0, 0xa1c(%edx)
expeb32[0x1bea]:  75 44                                jne    0x1c30                    ; GetProcAddress(void*, Package*) + 384 at main.cpp:137
expeb32[0x1bec]:  81 3c 0f 47 65 74 50                 cmpl   $0x50746547, (%edi,%ecx)
expeb32[0x1bf3]:  75 3b                                jne    0x1c30                    ; GetProcAddress(void*, Package*) + 384 at main.cpp:137
expeb32[0x1bf5]:  81 7c 39 04 72 6f 63 41              cmpl   $0x41636f72, 0x4(%ecx,%edi)
expeb32[0x1bfd]:  75 31                                jne    0x1c30                    ; GetProcAddress(void*, Package*) + 384 at main.cpp:137
expeb32[0x1bff]:  81 7c 39 08 64 64 72 65              cmpl   $0x65726464, 0x8(%ecx,%edi)
expeb32[0x1c07]:  75 27                                jne    0x1c30                    ; GetProcAddress(void*, Package*) + 384 at main.cpp:137
expeb32[0x1c09]:  8b 54 39 0c                          movl   0xc(%ecx,%edi), %edx
expeb32[0x1c0d]:  be ff ff ff 00                       movl   $0xffffff, %esi
expeb32[0x1c12]:  21 f2                                andl   %esi, %edx
expeb32[0x1c14]:  81 fa 73 73 00 00                    cmpl   $0x7373, %edx
expeb32[0x1c1a]:  75 14                                jne    0x1c30                    ; GetProcAddress(void*, Package*) + 384 at main.cpp:137
expeb32[0x1c1c]:  8b 4d 0c                             movl   0xc(%ebp), %ecx
expeb32[0x1c1f]:  89 81 1c 0a 00 00                    movl   %eax, 0xa1c(%ecx)
expeb32[0x1c25]:  e9 46 01 00 00                       jmp    0x1d70                    ; GetProcAddress(void*, Package*) + 704 at main.cpp:140
expeb32[0x1c2a]:  66 0f 1f 44 00 00                    nopw   (%eax,%eax)
expeb32[0x1c30]:  8b 55 0c                             movl   0xc(%ebp), %edx
expeb32[0x1c33]:  83 ba 20 0a 00 00 00                 cmpl   $0x0, 0xa20(%edx)
expeb32[0x1c3a]:  75 34                                jne    0x1c70                    ; GetProcAddress(void*, Package*) + 448 at main.cpp:139
expeb32[0x1c3c]:  81 3c 0f 43 72 65 61                 cmpl   $0x61657243, (%edi,%ecx)
expeb32[0x1c43]:  75 2b                                jne    0x1c70                    ; GetProcAddress(void*, Package*) + 448 at main.cpp:139
expeb32[0x1c45]:  81 7c 39 04 74 65 54 68              cmpl   $0x68546574, 0x4(%ecx,%edi)
expeb32[0x1c4d]:  75 21                                jne    0x1c70                    ; GetProcAddress(void*, Package*) + 448 at main.cpp:139
expeb32[0x1c4f]:  81 7c 39 08 72 65 61 64              cmpl   $0x64616572, 0x8(%ecx,%edi)
expeb32[0x1c57]:  75 17                                jne    0x1c70                    ; GetProcAddress(void*, Package*) + 448 at main.cpp:139
expeb32[0x1c59]:  80 7c 39 0c 00                       cmpb   $0x0, 0xc(%ecx,%edi)
expeb32[0x1c5e]:  0f 84 fe 00 00 00                    je     0x1d62                    ; GetProcAddress(void*, Package*) + 690 at main.cpp:131
expeb32[0x1c64]:  66 66 66 2e 0f 1f 84 00 00 00 00 00  nopw   %cs:(%eax,%eax)
expeb32[0x1c70]:  8b 55 0c                             movl   0xc(%ebp), %edx
expeb32[0x1c73]:  83 ba 24 0a 00 00 00                 cmpl   $0x0, 0xa24(%edx)
expeb32[0x1c7a]:  75 44                                jne    0x1cc0                    ; GetProcAddress(void*, Package*) + 528 at main.cpp:143
expeb32[0x1c7c]:  81 3c 0f 52 74 6c 45                 cmpl   $0x456c7452, (%edi,%ecx)
expeb32[0x1c83]:  75 3b                                jne    0x1cc0                    ; GetProcAddress(void*, Package*) + 528 at main.cpp:143
expeb32[0x1c85]:  81 7c 39 04 78 69 74 55              cmpl   $0x55746978, 0x4(%ecx,%edi)
expeb32[0x1c8d]:  75 31                                jne    0x1cc0                    ; GetProcAddress(void*, Package*) + 528 at main.cpp:143
expeb32[0x1c8f]:  81 7c 39 08 73 65 72 54              cmpl   $0x54726573, 0x8(%ecx,%edi)
expeb32[0x1c97]:  75 27                                jne    0x1cc0                    ; GetProcAddress(void*, Package*) + 528 at main.cpp:143
expeb32[0x1c99]:  81 7c 39 0c 68 72 65 61              cmpl   $0x61657268, 0xc(%ecx,%edi)
expeb32[0x1ca1]:  75 1d                                jne    0x1cc0                    ; GetProcAddress(void*, Package*) + 528 at main.cpp:143
expeb32[0x1ca3]:  0f b7 54 39 10                       movzwl 0x10(%ecx,%edi), %edx
expeb32[0x1ca8]:  83 fa 64                             cmpl   $0x64, %edx
expeb32[0x1cab]:  75 13                                jne    0x1cc0                    ; GetProcAddress(void*, Package*) + 528 at main.cpp:143
expeb32[0x1cad]:  8b 4d 0c                             movl   0xc(%ebp), %ecx
expeb32[0x1cb0]:  89 81 24 0a 00 00                    movl   %eax, 0xa24(%ecx)
expeb32[0x1cb6]:  e9 b5 00 00 00                       jmp    0x1d70                    ; GetProcAddress(void*, Package*) + 704 at main.cpp:140
expeb32[0x1cbb]:  0f 1f 44 00 00                       nopl   (%eax,%eax)
expeb32[0x1cc0]:  8b 55 0c                             movl   0xc(%ebp), %edx
expeb32[0x1cc3]:  83 ba 28 0a 00 00 00                 cmpl   $0x0, 0xa28(%edx)
expeb32[0x1cca]:  75 44                                jne    0x1d10                    ; GetProcAddress(void*, Package*) + 608 at main.cpp:146
expeb32[0x1ccc]:  81 3c 0f 57 61 69 74                 cmpl   $0x74696157, (%edi,%ecx)
expeb32[0x1cd3]:  75 3b                                jne    0x1d10                    ; GetProcAddress(void*, Package*) + 608 at main.cpp:146
expeb32[0x1cd5]:  81 7c 39 04 46 6f 72 53              cmpl   $0x53726f46, 0x4(%ecx,%edi)
expeb32[0x1cdd]:  75 31                                jne    0x1d10                    ; GetProcAddress(void*, Package*) + 608 at main.cpp:146
expeb32[0x1cdf]:  81 7c 39 08 69 6e 67 6c              cmpl   $0x6c676e69, 0x8(%ecx,%edi)
expeb32[0x1ce7]:  75 27                                jne    0x1d10                    ; GetProcAddress(void*, Package*) + 608 at main.cpp:146
expeb32[0x1ce9]:  81 7c 39 0c 65 4f 62 6a              cmpl   $0x6a624f65, 0xc(%ecx,%edi)
expeb32[0x1cf1]:  75 1d                                jne    0x1d10                    ; GetProcAddress(void*, Package*) + 608 at main.cpp:146
expeb32[0x1cf3]:  81 7c 39 10 65 63 74 00              cmpl   $0x746365, 0x10(%ecx,%edi)
expeb32[0x1cfb]:  75 13                                jne    0x1d10                    ; GetProcAddress(void*, Package*) + 608 at main.cpp:146
expeb32[0x1cfd]:  8b 4d 0c                             movl   0xc(%ebp), %ecx
expeb32[0x1d00]:  89 81 28 0a 00 00                    movl   %eax, 0xa28(%ecx)
expeb32[0x1d06]:  eb 68                                jmp    0x1d70                    ; GetProcAddress(void*, Package*) + 704 at main.cpp:140
expeb32[0x1d08]:  0f 1f 84 00 00 00 00 00              nopl   (%eax,%eax)
expeb32[0x1d10]:  8b 55 0c                             movl   0xc(%ebp), %edx
expeb32[0x1d13]:  83 ba 2c 0a 00 00 00                 cmpl   $0x0, 0xa2c(%edx)
expeb32[0x1d1a]:  75 54                                jne    0x1d70                    ; GetProcAddress(void*, Package*) + 704 at main.cpp:140
expeb32[0x1d1c]:  81 3c 0f 43 6c 6f 73                 cmpl   $0x736f6c43, (%edi,%ecx)
expeb32[0x1d23]:  8b 55 f0                             movl   -0x10(%ebp), %edx
expeb32[0x1d26]:  75 28                                jne    0x1d50                    ; GetProcAddress(void*, Package*) + 672 at main.cpp:149
expeb32[0x1d28]:  81 7c 39 04 65 48 61 6e              cmpl   $0x6e614865, 0x4(%ecx,%edi)
expeb32[0x1d30]:  75 1e                                jne    0x1d50                    ; GetProcAddress(void*, Package*) + 672 at main.cpp:149
expeb32[0x1d32]:  81 7c 39 08 64 6c 65 00              cmpl   $0x656c64, 0x8(%ecx,%edi)
expeb32[0x1d3a]:  75 14                                jne    0x1d50                    ; GetProcAddress(void*, Package*) + 672 at main.cpp:149
expeb32[0x1d3c]:  8b 4d 0c                             movl   0xc(%ebp), %ecx
expeb32[0x1d3f]:  89 81 2c 0a 00 00                    movl   %eax, 0xa2c(%ecx)
expeb32[0x1d45]:  66 66 2e 0f 1f 84 00 00 00 00 00     nopw   %cs:(%eax,%eax)
expeb32[0x1d50]:  89 d8                                movl   %ebx, %eax
expeb32[0x1d52]:  eb 21                                jmp    0x1d75                    ; GetProcAddress(void*, Package*) + 709 at main.cpp:126
expeb32[0x1d54]:  8b 4d 0c                             movl   0xc(%ebp), %ecx
expeb32[0x1d57]:  89 81 14 0a 00 00                    movl   %eax, 0xa14(%ecx)
expeb32[0x1d5d]:  8b 55 f0                             movl   -0x10(%ebp), %edx
expeb32[0x1d60]:  eb 13                                jmp    0x1d75                    ; GetProcAddress(void*, Package*) + 709 at main.cpp:126
expeb32[0x1d62]:  8b 4d 0c                             movl   0xc(%ebp), %ecx
expeb32[0x1d65]:  89 81 20 0a 00 00                    movl   %eax, 0xa20(%ecx)
expeb32[0x1d6b]:  0f 1f 44 00 00                       nopl   (%eax,%eax)
expeb32[0x1d70]:  89 d8                                movl   %ebx, %eax
expeb32[0x1d72]:  8b 55 f0                             movl   -0x10(%ebp), %edx
expeb32[0x1d75]:  42                                   incl   %edx
expeb32[0x1d76]:  3b 55 ec                             cmpl   -0x14(%ebp), %edx
expeb32[0x1d79]:  89 c3                                movl   %eax, %ebx
expeb32[0x1d7b]:  0f 82 cf fd ff ff                    jb     0x1b50                    ; GetProcAddress(void*, Package*) + 160 at main.cpp:127
expeb32[0x1d81]:  83 c4 14                             addl   $0x14, %esp
expeb32[0x1d84]:  5e                                   popl   %esi
expeb32[0x1d85]:  5f                                   popl   %edi
expeb32[0x1d86]:  5b                                   popl   %ebx
expeb32[0x1d87]:  5d                                   popl   %ebp
expeb32[0x1d88]:  c3                                   retl   

expeb64`ShellCode(Package*) at main.cpp:210:
expeb64[0x100000e90]:  55                                pushq  %rbp
expeb64[0x100000e91]:  48 89 e5                          movq   %rsp, %rbp
expeb64[0x100000e94]:  53                                pushq  %rbx
expeb64[0x100000e95]:  50                                pushq  %rax
expeb64[0x100000e96]:  48 89 fb                          movq   %rdi, %rbx
expeb64[0x100000e99]:  48 c7 83 08 0a 00 00 00 00 00 00  movq   $0x0, 0xa08(%rbx)
expeb64[0x100000ea4]:  e8 b7 fe ff ff                    callq  0x100000d60               ; GetImageBase(Package*) at main.cpp:163
expeb64[0x100000ea9]:  48 8b bb 10 0a 00 00              movq   0xa10(%rbx), %rdi
expeb64[0x100000eb0]:  48 89 de                          movq   %rbx, %rsi
expeb64[0x100000eb3]:  e8 f8 fb ff ff                    callq  0x100000ab0               ; GetProcAddress(void*, Package*) at main.cpp:105
expeb64[0x100000eb8]:  48 8b bb 18 0a 00 00              movq   0xa18(%rbx), %rdi
expeb64[0x100000ebf]:  48 89 de                          movq   %rbx, %rsi
expeb64[0x100000ec2]:  e8 e9 fb ff ff                    callq  0x100000ab0               ; GetProcAddress(void*, Package*) at main.cpp:105
expeb64[0x100000ec7]:  b8 2a 00 00 00                    movl   $0x2a, %eax
expeb64[0x100000ecc]:  48 83 c4 08                       addq   $0x8, %rsp
expeb64[0x100000ed0]:  5b                                popq   %rbx
expeb64[0x100000ed1]:  5d                                popq   %rbp
expeb64[0x100000ed2]:  c3                                retq   

expeb64`GetImageBase(Package*) at main.cpp:163:
expeb64[0x100000d60]:  55                                pushq  %rbp
expeb64[0x100000d61]:  48 89 e5                          movq   %rsp, %rbp
expeb64[0x100000d64]:  48 8b 87 08 0a 00 00              movq   0xa08(%rdi), %rax
expeb64[0x100000d6b]:  4c 8b 40 18                       movq   0x18(%rax), %r8
expeb64[0x100000d6f]:  49 8b 48 20                       movq   0x20(%r8), %rcx
expeb64[0x100000d73]:  49 83 c0 20                       addq   $0x20, %r8
expeb64[0x100000d77]:  4c 39 c1                          cmpq   %r8, %rcx
expeb64[0x100000d7a]:  0f 84 fc 00 00 00                 je     0x100000e7c               ; GetImageBase(Package*) + 284 at main.cpp:185
expeb64[0x100000d80]:  48 8b 97 10 0a 00 00              movq   0xa10(%rdi), %rdx
expeb64[0x100000d87]:  66 0f 1f 84 00 00 00 00 00        nopw   (%rax,%rax)
expeb64[0x100000d90]:  48 8b 71 50                       movq   0x50(%rcx), %rsi
expeb64[0x100000d94]:  8b 06                             movl   (%rsi), %eax
expeb64[0x100000d96]:  48 85 d2                          testq  %rdx, %rdx
expeb64[0x100000d99]:  75 25                             jne    0x100000dc0               ; GetImageBase(Package*) + 96 at main.cpp:169
expeb64[0x100000d9b]:  3d 6e 00 74 00                    cmpl   $0x74006e, %eax
expeb64[0x100000da0]:  75 1e                             jne    0x100000dc0               ; GetImageBase(Package*) + 96 at main.cpp:169
expeb64[0x100000da2]:  b8 6e 00 74 00                    movl   $0x74006e, %eax
expeb64[0x100000da7]:  81 7e 04 64 00 6c 00              cmpl   $0x6c0064, 0x4(%rsi)
expeb64[0x100000dae]:  75 40                             jne    0x100000df0               ; GetImageBase(Package*) + 144 at main.cpp:174
expeb64[0x100000db0]:  81 7e 08 6c 00 2e 00              cmpl   $0x2e006c, 0x8(%rsi)
expeb64[0x100000db7]:  74 25                             je     0x100000dde               ; GetImageBase(Package*) + 126 at main.cpp:172
expeb64[0x100000db9]:  eb 35                             jmp    0x100000df0               ; GetImageBase(Package*) + 144 at main.cpp:174
expeb64[0x100000dbb]:  0f 1f 44 00 00                    nopl   (%rax,%rax)
expeb64[0x100000dc0]:  3d 4e 00 54 00                    cmpl   $0x54004e, %eax
expeb64[0x100000dc5]:  75 29                             jne    0x100000df0               ; GetImageBase(Package*) + 144 at main.cpp:174
expeb64[0x100000dc7]:  b8 4e 00 54 00                    movl   $0x54004e, %eax
expeb64[0x100000dcc]:  81 7e 04 44 00 4c 00              cmpl   $0x4c0044, 0x4(%rsi)
expeb64[0x100000dd3]:  75 1b                             jne    0x100000df0               ; GetImageBase(Package*) + 144 at main.cpp:174
expeb64[0x100000dd5]:  81 7e 08 4c 00 2e 00              cmpl   $0x2e004c, 0x8(%rsi)
expeb64[0x100000ddc]:  75 12                             jne    0x100000df0               ; GetImageBase(Package*) + 144 at main.cpp:174
expeb64[0x100000dde]:  48 8b 51 20                       movq   0x20(%rcx), %rdx
expeb64[0x100000de2]:  48 89 97 10 0a 00 00              movq   %rdx, 0xa10(%rdi)
expeb64[0x100000de9]:  e9 82 00 00 00                    jmp    0x100000e70               ; GetImageBase(Package*) + 272 at main.cpp:165
expeb64[0x100000dee]:  66 90                             nop    
expeb64[0x100000df0]:  48 83 bf 18 0a 00 00 00           cmpq   $0x0, 0xa18(%rdi)
expeb64[0x100000df8]:  75 36                             jne    0x100000e30               ; GetImageBase(Package*) + 208 at main.cpp:174
expeb64[0x100000dfa]:  3d 4b 00 45 00                    cmpl   $0x45004b, %eax
expeb64[0x100000dff]:  75 2f                             jne    0x100000e30               ; GetImageBase(Package*) + 208 at main.cpp:174
expeb64[0x100000e01]:  81 7e 04 52 00 4e 00              cmpl   $0x4e0052, 0x4(%rsi)
expeb64[0x100000e08]:  75 66                             jne    0x100000e70               ; GetImageBase(Package*) + 272 at main.cpp:165
expeb64[0x100000e0a]:  81 7e 08 45 00 4c 00              cmpl   $0x4c0045, 0x8(%rsi)
expeb64[0x100000e11]:  75 1d                             jne    0x100000e30               ; GetImageBase(Package*) + 208 at main.cpp:174
expeb64[0x100000e13]:  81 7e 0c 33 00 32 00              cmpl   $0x320033, 0xc(%rsi)
expeb64[0x100000e1a]:  75 14                             jne    0x100000e30               ; GetImageBase(Package*) + 208 at main.cpp:174
expeb64[0x100000e1c]:  81 7e 10 2e 00 44 00              cmpl   $0x44002e, 0x10(%rsi)
expeb64[0x100000e23]:  74 36                             je     0x100000e5b               ; GetImageBase(Package*) + 251 at main.cpp:177
expeb64[0x100000e25]:  66 66 2e 0f 1f 84 00 00 00 00 00  nopw   %cs:(%rax,%rax)
expeb64[0x100000e30]:  3d 6b 00 65 00                    cmpl   $0x65006b, %eax
expeb64[0x100000e35]:  75 39                             jne    0x100000e70               ; GetImageBase(Package*) + 272 at main.cpp:165
expeb64[0x100000e37]:  81 7e 04 72 00 6e 00              cmpl   $0x6e0072, 0x4(%rsi)
expeb64[0x100000e3e]:  75 30                             jne    0x100000e70               ; GetImageBase(Package*) + 272 at main.cpp:165
expeb64[0x100000e40]:  81 7e 08 65 00 6c 00              cmpl   $0x6c0065, 0x8(%rsi)
expeb64[0x100000e47]:  75 27                             jne    0x100000e70               ; GetImageBase(Package*) + 272 at main.cpp:165
expeb64[0x100000e49]:  81 7e 0c 33 00 32 00              cmpl   $0x320033, 0xc(%rsi)
expeb64[0x100000e50]:  75 1e                             jne    0x100000e70               ; GetImageBase(Package*) + 272 at main.cpp:165
expeb64[0x100000e52]:  81 7e 10 2e 00 64 00              cmpl   $0x64002e, 0x10(%rsi)
expeb64[0x100000e59]:  75 15                             jne    0x100000e70               ; GetImageBase(Package*) + 272 at main.cpp:165
expeb64[0x100000e5b]:  48 8b 41 20                       movq   0x20(%rcx), %rax
expeb64[0x100000e5f]:  48 89 87 18 0a 00 00              movq   %rax, 0xa18(%rdi)
expeb64[0x100000e66]:  66 2e 0f 1f 84 00 00 00 00 00     nopw   %cs:(%rax,%rax)
expeb64[0x100000e70]:  48 8b 09                          movq   (%rcx), %rcx
expeb64[0x100000e73]:  4c 39 c1                          cmpq   %r8, %rcx
expeb64[0x100000e76]:  0f 85 14 ff ff ff                 jne    0x100000d90               ; GetImageBase(Package*) + 48 at main.cpp:168
expeb64[0x100000e7c]:  5d                                popq   %rbp
expeb64[0x100000e7d]:  c3                                retq   

expeb64`GetProcAddress(void*, Package*) at main.cpp:105:
expeb64[0x100000ab0]:  55                                         pushq  %rbp
expeb64[0x100000ab1]:  48 89 e5                                   movq   %rsp, %rbp
expeb64[0x100000ab4]:  41 57                                      pushq  %r15
expeb64[0x100000ab6]:  41 56                                      pushq  %r14
expeb64[0x100000ab8]:  53                                         pushq  %rbx
expeb64[0x100000ab9]:  0f b7 07                                   movzwl (%rdi), %eax
expeb64[0x100000abc]:  3d 4d 5a 00 00                             cmpl   $0x5a4d, %eax
expeb64[0x100000ac1]:  0f 85 8b 02 00 00                          jne    0x100000d52               ; GetProcAddress(void*, Package*) + 674 at main.cpp:161
expeb64[0x100000ac7]:  8b 47 3c                                   movl   0x3c(%rdi), %eax
expeb64[0x100000aca]:  81 3c 07 50 45 00 00                       cmpl   $0x4550, (%rdi,%rax)
expeb64[0x100000ad1]:  0f 85 7b 02 00 00                          jne    0x100000d52               ; GetProcAddress(void*, Package*) + 674 at main.cpp:161
expeb64[0x100000ad7]:  0f b7 4c 38 04                             movzwl 0x4(%rax,%rdi), %ecx
expeb64[0x100000adc]:  81 f9 64 86 00 00                          cmpl   $0x8664, %ecx
expeb64[0x100000ae2]:  74 0f                                      je     0x100000af3               ; GetProcAddress(void*, Package*) + 67 at main.cpp:120
expeb64[0x100000ae4]:  0f b7 d1                                   movzwl %cx, %edx
expeb64[0x100000ae7]:  81 fa 4c 01 00 00                          cmpl   $0x14c, %edx
expeb64[0x100000aed]:  0f 85 5f 02 00 00                          jne    0x100000d52               ; GetProcAddress(void*, Package*) + 674 at main.cpp:161
expeb64[0x100000af3]:  0f b7 c9                                   movzwl %cx, %ecx
expeb64[0x100000af6]:  81 f9 4c 01 00 00                          cmpl   $0x14c, %ecx
expeb64[0x100000afc]:  b9 60 00 00 00                             movl   $0x60, %ecx
expeb64[0x100000b01]:  ba 70 00 00 00                             movl   $0x70, %edx
expeb64[0x100000b06]:  48 0f 44 d1                                cmoveq %rcx, %rdx
expeb64[0x100000b0a]:  48 01 d0                                   addq   %rdx, %rax
expeb64[0x100000b0d]:  8b 44 07 18                                movl   0x18(%rdi,%rax), %eax
expeb64[0x100000b11]:  44 8b 44 38 20                             movl   0x20(%rax,%rdi), %r8d
expeb64[0x100000b16]:  44 8b 5c 38 24                             movl   0x24(%rax,%rdi), %r11d
expeb64[0x100000b1b]:  44 8b 4c 38 18                             movl   0x18(%rax,%rdi), %r9d
expeb64[0x100000b20]:  44 8b 74 38 1c                             movl   0x1c(%rax,%rdi), %r14d
expeb64[0x100000b25]:  45 85 c9                                   testl  %r9d, %r9d
expeb64[0x100000b28]:  0f 84 24 02 00 00                          je     0x100000d52               ; GetProcAddress(void*, Package*) + 674 at main.cpp:161
expeb64[0x100000b2e]:  49 01 fe                                   addq   %rdi, %r14
expeb64[0x100000b31]:  4c 8b be 20 0a 00 00                       movq   0xa20(%rsi), %r15
expeb64[0x100000b38]:  49 01 f8                                   addq   %rdi, %r8
expeb64[0x100000b3b]:  49 01 fb                                   addq   %rdi, %r11
expeb64[0x100000b3e]:  31 d2                                      xorl   %edx, %edx
expeb64[0x100000b40]:  41 ba ff ff ff 00                          movl   $0xffffff, %r10d
expeb64[0x100000b46]:  66 2e 0f 1f 84 00 00 00 00 00              nopw   %cs:(%rax,%rax)
expeb64[0x100000b50]:  41 8b 04 90                                movl   (%r8,%rdx,4), %eax
expeb64[0x100000b54]:  41 0f b7 1c 53                             movzwl (%r11,%rdx,2), %ebx
expeb64[0x100000b59]:  41 8b 1c 9e                                movl   (%r14,%rbx,4), %ebx
expeb64[0x100000b5d]:  48 01 fb                                   addq   %rdi, %rbx
expeb64[0x100000b60]:  4d 85 ff                                   testq  %r15, %r15
expeb64[0x100000b63]:  75 2b                                      jne    0x100000b90               ; GetProcAddress(void*, Package*) + 224 at main.cpp:133
expeb64[0x100000b65]:  81 3c 07 4c 6f 61 64                       cmpl   $0x64616f4c, (%rdi,%rax)
expeb64[0x100000b6c]:  75 22                                      jne    0x100000b90               ; GetProcAddress(void*, Package*) + 224 at main.cpp:133
expeb64[0x100000b6e]:  81 7c 38 04 4c 69 62 72                    cmpl   $0x7262694c, 0x4(%rax,%rdi)
expeb64[0x100000b76]:  75 18                                      jne    0x100000b90               ; GetProcAddress(void*, Package*) + 224 at main.cpp:133
expeb64[0x100000b78]:  81 7c 38 08 61 72 79 57                    cmpl   $0x57797261, 0x8(%rax,%rdi)
expeb64[0x100000b80]:  75 0e                                      jne    0x100000b90               ; GetProcAddress(void*, Package*) + 224 at main.cpp:133
expeb64[0x100000b82]:  80 7c 38 0c 00                             cmpb   $0x0, 0xc(%rax,%rdi)
expeb64[0x100000b87]:  0f 84 a3 01 00 00                          je     0x100000d30               ; GetProcAddress(void*, Package*) + 640 at main.cpp:131
expeb64[0x100000b8d]:  0f 1f 00                                   nopl   (%rax)
expeb64[0x100000b90]:  48 83 be 28 0a 00 00 00                    cmpq   $0x0, 0xa28(%rsi)
expeb64[0x100000b98]:  75 36                                      jne    0x100000bd0               ; GetProcAddress(void*, Package*) + 288 at main.cpp:136
expeb64[0x100000b9a]:  81 3c 07 46 72 65 65                       cmpl   $0x65657246, (%rdi,%rax)
expeb64[0x100000ba1]:  75 2d                                      jne    0x100000bd0               ; GetProcAddress(void*, Package*) + 288 at main.cpp:136
expeb64[0x100000ba3]:  81 7c 38 04 4c 69 62 72                    cmpl   $0x7262694c, 0x4(%rax,%rdi)
expeb64[0x100000bab]:  75 23                                      jne    0x100000bd0               ; GetProcAddress(void*, Package*) + 288 at main.cpp:136
expeb64[0x100000bad]:  81 7c 38 08 61 72 79 00                    cmpl   $0x797261, 0x8(%rax,%rdi)
expeb64[0x100000bb5]:  75 19                                      jne    0x100000bd0               ; GetProcAddress(void*, Package*) + 288 at main.cpp:136
expeb64[0x100000bb7]:  48 89 9e 28 0a 00 00                       movq   %rbx, 0xa28(%rsi)
expeb64[0x100000bbe]:  e9 7d 01 00 00                             jmp    0x100000d40               ; GetProcAddress(void*, Package*) + 656 at main.cpp:140
expeb64[0x100000bc3]:  66 66 66 66 2e 0f 1f 84 00 00 00 00 00     nopw   %cs:(%rax,%rax)
expeb64[0x100000bd0]:  48 83 be 30 0a 00 00 00                    cmpq   $0x0, 0xa30(%rsi)
expeb64[0x100000bd8]:  75 46                                      jne    0x100000c20               ; GetProcAddress(void*, Package*) + 368 at main.cpp:139
expeb64[0x100000bda]:  81 3c 07 47 65 74 50                       cmpl   $0x50746547, (%rdi,%rax)
expeb64[0x100000be1]:  75 3d                                      jne    0x100000c20               ; GetProcAddress(void*, Package*) + 368 at main.cpp:139
expeb64[0x100000be3]:  81 7c 38 04 72 6f 63 41                    cmpl   $0x41636f72, 0x4(%rax,%rdi)
expeb64[0x100000beb]:  75 33                                      jne    0x100000c20               ; GetProcAddress(void*, Package*) + 368 at main.cpp:139
expeb64[0x100000bed]:  81 7c 38 08 64 64 72 65                    cmpl   $0x65726464, 0x8(%rax,%rdi)
expeb64[0x100000bf5]:  75 29                                      jne    0x100000c20               ; GetProcAddress(void*, Package*) + 368 at main.cpp:139
expeb64[0x100000bf7]:  8b 4c 38 0c                                movl   0xc(%rax,%rdi), %ecx
expeb64[0x100000bfb]:  44 21 d1                                   andl   %r10d, %ecx
expeb64[0x100000bfe]:  81 f9 73 73 00 00                          cmpl   $0x7373, %ecx
expeb64[0x100000c04]:  75 1a                                      jne    0x100000c20               ; GetProcAddress(void*, Package*) + 368 at main.cpp:139
expeb64[0x100000c06]:  48 89 9e 30 0a 00 00                       movq   %rbx, 0xa30(%rsi)
expeb64[0x100000c0d]:  e9 2e 01 00 00                             jmp    0x100000d40               ; GetProcAddress(void*, Package*) + 656 at main.cpp:140
expeb64[0x100000c12]:  66 66 66 66 66 2e 0f 1f 84 00 00 00 00 00  nopw   %cs:(%rax,%rax)
expeb64[0x100000c20]:  48 83 be 38 0a 00 00 00                    cmpq   $0x0, 0xa38(%rsi)
expeb64[0x100000c28]:  75 36                                      jne    0x100000c60               ; GetProcAddress(void*, Package*) + 432 at main.cpp:142
expeb64[0x100000c2a]:  81 3c 07 43 72 65 61                       cmpl   $0x61657243, (%rdi,%rax)
expeb64[0x100000c31]:  75 2d                                      jne    0x100000c60               ; GetProcAddress(void*, Package*) + 432 at main.cpp:142
expeb64[0x100000c33]:  81 7c 38 04 74 65 54 68                    cmpl   $0x68546574, 0x4(%rax,%rdi)
expeb64[0x100000c3b]:  75 23                                      jne    0x100000c60               ; GetProcAddress(void*, Package*) + 432 at main.cpp:142
expeb64[0x100000c3d]:  81 7c 38 08 72 65 61 64                    cmpl   $0x64616572, 0x8(%rax,%rdi)
expeb64[0x100000c45]:  75 19                                      jne    0x100000c60               ; GetProcAddress(void*, Package*) + 432 at main.cpp:142
expeb64[0x100000c47]:  80 7c 38 0c 00                             cmpb   $0x0, 0xc(%rax,%rdi)
expeb64[0x100000c4c]:  0f 84 e7 00 00 00                          je     0x100000d39               ; GetProcAddress(void*, Package*) + 649 at main.cpp:140
expeb64[0x100000c52]:  66 66 66 66 66 2e 0f 1f 84 00 00 00 00 00  nopw   %cs:(%rax,%rax)
expeb64[0x100000c60]:  48 83 be 40 0a 00 00 00                    cmpq   $0x0, 0xa40(%rsi)
expeb64[0x100000c68]:  75 46                                      jne    0x100000cb0               ; GetProcAddress(void*, Package*) + 512 at main.cpp:145
expeb64[0x100000c6a]:  81 3c 07 52 74 6c 45                       cmpl   $0x456c7452, (%rdi,%rax)
expeb64[0x100000c71]:  75 3d                                      jne    0x100000cb0               ; GetProcAddress(void*, Package*) + 512 at main.cpp:145
expeb64[0x100000c73]:  81 7c 38 04 78 69 74 55                    cmpl   $0x55746978, 0x4(%rax,%rdi)
expeb64[0x100000c7b]:  75 33                                      jne    0x100000cb0               ; GetProcAddress(void*, Package*) + 512 at main.cpp:145
expeb64[0x100000c7d]:  81 7c 38 08 73 65 72 54                    cmpl   $0x54726573, 0x8(%rax,%rdi)
expeb64[0x100000c85]:  75 29                                      jne    0x100000cb0               ; GetProcAddress(void*, Package*) + 512 at main.cpp:145
expeb64[0x100000c87]:  81 7c 38 0c 68 72 65 61                    cmpl   $0x61657268, 0xc(%rax,%rdi)
expeb64[0x100000c8f]:  75 1f                                      jne    0x100000cb0               ; GetProcAddress(void*, Package*) + 512 at main.cpp:145
expeb64[0x100000c91]:  0f b7 4c 38 10                             movzwl 0x10(%rax,%rdi), %ecx
expeb64[0x100000c96]:  83 f9 64                                   cmpl   $0x64, %ecx
expeb64[0x100000c99]:  75 15                                      jne    0x100000cb0               ; GetProcAddress(void*, Package*) + 512 at main.cpp:145
expeb64[0x100000c9b]:  48 89 9e 40 0a 00 00                       movq   %rbx, 0xa40(%rsi)
expeb64[0x100000ca2]:  e9 99 00 00 00                             jmp    0x100000d40               ; GetProcAddress(void*, Package*) + 656 at main.cpp:140
expeb64[0x100000ca7]:  66 0f 1f 84 00 00 00 00 00                 nopw   (%rax,%rax)
expeb64[0x100000cb0]:  48 83 be 48 0a 00 00 00                    cmpq   $0x0, 0xa48(%rsi)
expeb64[0x100000cb8]:  75 46                                      jne    0x100000d00               ; GetProcAddress(void*, Package*) + 592 at main.cpp:148
expeb64[0x100000cba]:  81 3c 07 57 61 69 74                       cmpl   $0x74696157, (%rdi,%rax)
expeb64[0x100000cc1]:  75 3d                                      jne    0x100000d00               ; GetProcAddress(void*, Package*) + 592 at main.cpp:148
expeb64[0x100000cc3]:  81 7c 38 04 46 6f 72 53                    cmpl   $0x53726f46, 0x4(%rax,%rdi)
expeb64[0x100000ccb]:  75 33                                      jne    0x100000d00               ; GetProcAddress(void*, Package*) + 592 at main.cpp:148
expeb64[0x100000ccd]:  81 7c 38 08 69 6e 67 6c                    cmpl   $0x6c676e69, 0x8(%rax,%rdi)
expeb64[0x100000cd5]:  75 29                                      jne    0x100000d00               ; GetProcAddress(void*, Package*) + 592 at main.cpp:148
expeb64[0x100000cd7]:  81 7c 38 0c 65 4f 62 6a                    cmpl   $0x6a624f65, 0xc(%rax,%rdi)
expeb64[0x100000cdf]:  75 1f                                      jne    0x100000d00               ; GetProcAddress(void*, Package*) + 592 at main.cpp:148
expeb64[0x100000ce1]:  81 7c 38 10 65 63 74 00                    cmpl   $0x746365, 0x10(%rax,%rdi)
expeb64[0x100000ce9]:  75 15                                      jne    0x100000d00               ; GetProcAddress(void*, Package*) + 592 at main.cpp:148
expeb64[0x100000ceb]:  48 89 9e 48 0a 00 00                       movq   %rbx, 0xa48(%rsi)
expeb64[0x100000cf2]:  eb 4c                                      jmp    0x100000d40               ; GetProcAddress(void*, Package*) + 656 at main.cpp:140
expeb64[0x100000cf4]:  66 66 66 2e 0f 1f 84 00 00 00 00 00        nopw   %cs:(%rax,%rax)
expeb64[0x100000d00]:  48 83 be 50 0a 00 00 00                    cmpq   $0x0, 0xa50(%rsi)
expeb64[0x100000d08]:  75 36                                      jne    0x100000d40               ; GetProcAddress(void*, Package*) + 656 at main.cpp:140
expeb64[0x100000d0a]:  81 3c 07 43 6c 6f 73                       cmpl   $0x736f6c43, (%rdi,%rax)
expeb64[0x100000d11]:  75 2d                                      jne    0x100000d40               ; GetProcAddress(void*, Package*) + 656 at main.cpp:140
expeb64[0x100000d13]:  81 7c 38 04 65 48 61 6e                    cmpl   $0x6e614865, 0x4(%rax,%rdi)
expeb64[0x100000d1b]:  75 23                                      jne    0x100000d40               ; GetProcAddress(void*, Package*) + 656 at main.cpp:140
expeb64[0x100000d1d]:  81 7c 38 08 64 6c 65 00                    cmpl   $0x656c64, 0x8(%rax,%rdi)
expeb64[0x100000d25]:  75 19                                      jne    0x100000d40               ; GetProcAddress(void*, Package*) + 656 at main.cpp:140
expeb64[0x100000d27]:  48 89 9e 50 0a 00 00                       movq   %rbx, 0xa50(%rsi)
expeb64[0x100000d2e]:  eb 10                                      jmp    0x100000d40               ; GetProcAddress(void*, Package*) + 656 at main.cpp:140
expeb64[0x100000d30]:  48 89 9e 20 0a 00 00                       movq   %rbx, 0xa20(%rsi)
expeb64[0x100000d37]:  eb 0a                                      jmp    0x100000d43               ; GetProcAddress(void*, Package*) + 659 at main.cpp:126
expeb64[0x100000d39]:  48 89 9e 38 0a 00 00                       movq   %rbx, 0xa38(%rsi)
expeb64[0x100000d40]:  4c 89 fb                                   movq   %r15, %rbx
expeb64[0x100000d43]:  48 ff c2                                   incq   %rdx
expeb64[0x100000d46]:  44 39 ca                                   cmpl   %r9d, %edx
expeb64[0x100000d49]:  49 89 df                                   movq   %rbx, %r15
expeb64[0x100000d4c]:  0f 82 fe fd ff ff                          jb     0x100000b50               ; GetProcAddress(void*, Package*) + 160 at main.cpp:127
expeb64[0x100000d52]:  5b                                         popq   %rbx
expeb64[0x100000d53]:  41 5e                                      popq   %r14
expeb64[0x100000d55]:  41 5f                                      popq   %r15
expeb64[0x100000d57]:  5d                                         popq   %rbp
expeb64[0x100000d58]:  c3                                         retq   
